[21:12:05] === Batch processing start ===
[21:12:05] Blend: C:\Users\Conor\Documents\flowers-for-molly\public\post-processing.blend
[21:12:05] Repo root: C:\Users\Conor\Documents\flowers-for-molly
[21:12:05] Dry run: False
[21:12:05] Node trees available: ['Compositing Nodetree.001', 'Compositing Nodetree.002', 'Compositing Nodetree.003', 'Compositing Nodetree.004', 'Compositing Nodetree.005']
[21:12:11] Rendered C:\Users\Conor\Documents\flowers-for-molly\public\garden\meadow_foreground\flora_group_1\floral_cluster_1.png -> C:\Users\Conor\Documents\flowers-for-molly\public\garden\meadow_foreground\flora_group_1\floral_cluster_1.png using scene 'meadow-flowers' tree 'Compositing Nodetree.005'
[21:12:12] Rendered C:\Users\Conor\Documents\flowers-for-molly\public\garden\meadow_foreground\flora_group_1\floral_cluster_2.png -> C:\Users\Conor\Documents\flowers-for-molly\public\garden\meadow_foreground\flora_group_1\floral_cluster_2.png using scene 'meadow-flowers' tree 'Compositing Nodetree.005'
[21:12:13] Rendered C:\Users\Conor\Documents\flowers-for-molly\public\garden\meadow_foreground\flora_group_1\flower_1.png -> C:\Users\Conor\Documents\flowers-for-molly\public\garden\meadow_foreground\flora_group_1\flower_1.png using scene 'meadow-flowers' tree 'Compositing Nodetree.005'
[21:12:13] Rendered C:\Users\Conor\Documents\flowers-for-molly\public\garden\meadow_foreground\flora_group_1\flower_2.png -> C:\Users\Conor\Documents\flowers-for-molly\public\garden\meadow_foreground\flora_group_1\flower_2.png using scene 'meadow-flowers' tree 'Compositing Nodetree.005'
[21:12:13] Rendered C:\Users\Conor\Documents\flowers-for-molly\public\garden\meadow_foreground\flora_group_1\grass_1.png -> C:\Users\Conor\Documents\flowers-for-molly\public\garden\meadow_foreground\flora_group_1\grass_1.png using scene 'meadow-flowers' tree 'Compositing Nodetree.005'
[21:12:14] Rendered C:\Users\Conor\Documents\flowers-for-molly\public\garden\meadow_foreground\flora_group_1\grass_2.png -> C:\Users\Conor\Documents\flowers-for-molly\public\garden\meadow_foreground\flora_group_1\grass_2.png using scene 'meadow-flowers' tree 'Compositing Nodetree.005'
[21:12:15] Rendered C:\Users\Conor\Documents\flowers-for-molly\public\garden\meadow_foreground\flora_group_1\rock_1.png -> C:\Users\Conor\Documents\flowers-for-molly\public\garden\meadow_foreground\flora_group_1\rock_1.png using scene 'meadow-flowers' tree 'Compositing Nodetree.005'
[21:12:16] Rendered C:\Users\Conor\Documents\flowers-for-molly\public\garden\meadow_foreground\flora_group_2\flower_1.png -> C:\Users\Conor\Documents\flowers-for-molly\public\garden\meadow_foreground\flora_group_2\flower_1.png using scene 'meadow-flowers' tree 'Compositing Nodetree.005'
[21:12:17] Rendered C:\Users\Conor\Documents\flowers-for-molly\public\garden\meadow_foreground\flora_group_2\flower_2.png -> C:\Users\Conor\Documents\flowers-for-molly\public\garden\meadow_foreground\flora_group_2\flower_2.png using scene 'meadow-flowers' tree 'Compositing Nodetree.005'
[21:12:17] Rendered C:\Users\Conor\Documents\flowers-for-molly\public\garden\meadow_foreground\flora_group_2\grass_1.png -> C:\Users\Conor\Documents\flowers-for-molly\public\garden\meadow_foreground\flora_group_2\grass_1.png using scene 'meadow-flowers' tree 'Compositing Nodetree.005'
[21:12:17] Rendered C:\Users\Conor\Documents\flowers-for-molly\public\garden\meadow_foreground\flora_group_2\grass_2.png -> C:\Users\Conor\Documents\flowers-for-molly\public\garden\meadow_foreground\flora_group_2\grass_2.png using scene 'meadow-flowers' tree 'Compositing Nodetree.005'
[21:12:20] Rendered C:\Users\Conor\Documents\flowers-for-molly\public\garden\meadow_foreground\flora_group_2\saplings_1.png -> C:\Users\Conor\Documents\flowers-for-molly\public\garden\meadow_foreground\flora_group_2\saplings_1.png using scene 'meadow-flowers' tree 'Compositing Nodetree.005'
[21:12:21] Rendered C:\Users\Conor\Documents\flowers-for-molly\public\garden\meadow_foreground\flora_group_2\shrubs_1.png -> C:\Users\Conor\Documents\flowers-for-molly\public\garden\meadow_foreground\flora_group_2\shrubs_1.png using scene 'meadow-flowers' tree 'Compositing Nodetree.005'
[21:12:22] Rendered C:\Users\Conor\Documents\flowers-for-molly\public\garden\meadow_foreground\flora_group_3\cornflower_0.png -> C:\Users\Conor\Documents\flowers-for-molly\public\garden\meadow_foreground\flora_group_3\cornflower_0.png using scene 'meadow-flowers' tree 'Compositing Nodetree.005'
[21:12:22] Rendered C:\Users\Conor\Documents\flowers-for-molly\public\garden\meadow_foreground\flora_group_3\flower_1.png -> C:\Users\Conor\Documents\flowers-for-molly\public\garden\meadow_foreground\flora_group_3\flower_1.png using scene 'meadow-flowers' tree 'Compositing Nodetree.005'
[21:12:23] Rendered C:\Users\Conor\Documents\flowers-for-molly\public\garden\meadow_foreground\flora_group_3\flower_2.png -> C:\Users\Conor\Documents\flowers-for-molly\public\garden\meadow_foreground\flora_group_3\flower_2.png using scene 'meadow-flowers' tree 'Compositing Nodetree.005'
[21:12:23] Rendered C:\Users\Conor\Documents\flowers-for-molly\public\garden\meadow_foreground\flora_group_3\grass_1.png -> C:\Users\Conor\Documents\flowers-for-molly\public\garden\meadow_foreground\flora_group_3\grass_1.png using scene 'meadow-flowers' tree 'Compositing Nodetree.005'
[21:12:23] Rendered C:\Users\Conor\Documents\flowers-for-molly\public\garden\meadow_foreground\flora_group_3\grass_2.png -> C:\Users\Conor\Documents\flowers-for-molly\public\garden\meadow_foreground\flora_group_3\grass_2.png using scene 'meadow-flowers' tree 'Compositing Nodetree.005'
[21:12:24] Rendered C:\Users\Conor\Documents\flowers-for-molly\public\garden\meadow_foreground\flora_group_3\peonies_0.png -> C:\Users\Conor\Documents\flowers-for-molly\public\garden\meadow_foreground\flora_group_3\peonies_0.png using scene 'meadow-flowers' tree 'Compositing Nodetree.005'
[21:12:25] Rendered C:\Users\Conor\Documents\flowers-for-molly\public\garden\meadow_foreground\flora_group_3\rock_2.png -> C:\Users\Conor\Documents\flowers-for-molly\public\garden\meadow_foreground\flora_group_3\rock_2.png using scene 'meadow-flowers' tree 'Compositing Nodetree.005'
[21:12:25] Rendered C:\Users\Conor\Documents\flowers-for-molly\public\garden\meadow_foreground\flora_group_4\flower_1.png -> C:\Users\Conor\Documents\flowers-for-molly\public\garden\meadow_foreground\flora_group_4\flower_1.png using scene 'meadow-flowers' tree 'Compositing Nodetree.005'
[21:12:26] Rendered C:\Users\Conor\Documents\flowers-for-molly\public\garden\meadow_foreground\flora_group_4\flower_2.png -> C:\Users\Conor\Documents\flowers-for-molly\public\garden\meadow_foreground\flora_group_4\flower_2.png using scene 'meadow-flowers' tree 'Compositing Nodetree.005'
[21:12:28] Rendered C:\Users\Conor\Documents\flowers-for-molly\public\garden\meadow_foreground\flora_group_4\flower_3.png -> C:\Users\Conor\Documents\flowers-for-molly\public\garden\meadow_foreground\flora_group_4\flower_3.png using scene 'meadow-flowers' tree 'Compositing Nodetree.005'
[21:12:28] Rendered C:\Users\Conor\Documents\flowers-for-molly\public\garden\meadow_foreground\flora_group_4\grass_1.png -> C:\Users\Conor\Documents\flowers-for-molly\public\garden\meadow_foreground\flora_group_4\grass_1.png using scene 'meadow-flowers' tree 'Compositing Nodetree.005'
[21:12:29] Rendered C:\Users\Conor\Documents\flowers-for-molly\public\garden\meadow_foreground\flora_group_4\grass_2.png -> C:\Users\Conor\Documents\flowers-for-molly\public\garden\meadow_foreground\flora_group_4\grass_2.png using scene 'meadow-flowers' tree 'Compositing Nodetree.005'
[21:12:29] Rendered C:\Users\Conor\Documents\flowers-for-molly\public\garden\meadow_foreground\flora_group_4\grass_3.png -> C:\Users\Conor\Documents\flowers-for-molly\public\garden\meadow_foreground\flora_group_4\grass_3.png using scene 'meadow-flowers' tree 'Compositing Nodetree.005'
[21:12:29] Rendered C:\Users\Conor\Documents\flowers-for-molly\public\garden\meadow_foreground\flora_group_4\grass_4.png -> C:\Users\Conor\Documents\flowers-for-molly\public\garden\meadow_foreground\flora_group_4\grass_4.png using scene 'meadow-flowers' tree 'Compositing Nodetree.005'
[21:12:30] Rendered C:\Users\Conor\Documents\flowers-for-molly\public\garden\meadow_foreground\flora_group_5\blazingstar_0.png -> C:\Users\Conor\Documents\flowers-for-molly\public\garden\meadow_foreground\flora_group_5\blazingstar_0.png using scene 'meadow-flowers' tree 'Compositing Nodetree.005'
[21:12:30] Rendered C:\Users\Conor\Documents\flowers-for-molly\public\garden\meadow_foreground\flora_group_5\flower_1.png -> C:\Users\Conor\Documents\flowers-for-molly\public\garden\meadow_foreground\flora_group_5\flower_1.png using scene 'meadow-flowers' tree 'Compositing Nodetree.005'
[21:12:31] Rendered C:\Users\Conor\Documents\flowers-for-molly\public\garden\meadow_foreground\flora_group_5\flower_2.png -> C:\Users\Conor\Documents\flowers-for-molly\public\garden\meadow_foreground\flora_group_5\flower_2.png using scene 'meadow-flowers' tree 'Compositing Nodetree.005'
[21:12:31] Rendered C:\Users\Conor\Documents\flowers-for-molly\public\garden\meadow_foreground\flora_group_5\grass_1.png -> C:\Users\Conor\Documents\flowers-for-molly\public\garden\meadow_foreground\flora_group_5\grass_1.png using scene 'meadow-flowers' tree 'Compositing Nodetree.005'
[21:12:31] Rendered C:\Users\Conor\Documents\flowers-for-molly\public\garden\meadow_foreground\flora_group_5\grass_2.png -> C:\Users\Conor\Documents\flowers-for-molly\public\garden\meadow_foreground\flora_group_5\grass_2.png using scene 'meadow-flowers' tree 'Compositing Nodetree.005'
[21:12:32] Rendered C:\Users\Conor\Documents\flowers-for-molly\public\garden\meadow_background\hills_far\clouds_0.png -> C:\Users\Conor\Documents\flowers-for-molly\public\garden\meadow_background\far_hills\clouds_0.png using scene 'meadow-background' tree 'Compositing Nodetree.004'
[21:12:32] Rendered C:\Users\Conor\Documents\flowers-for-molly\public\garden\meadow_background\hills_far\clouds_1.png -> C:\Users\Conor\Documents\flowers-for-molly\public\garden\meadow_background\far_hills\clouds_1.png using scene 'meadow-background' tree 'Compositing Nodetree.004'
[21:12:32] Rendered C:\Users\Conor\Documents\flowers-for-molly\public\garden\meadow_background\hills_far\dennis_0.png -> C:\Users\Conor\Documents\flowers-for-molly\public\garden\meadow_background\far_hills\dennis_0.png using scene 'meadow-background' tree 'Compositing Nodetree.004'
[21:12:32] Rendered C:\Users\Conor\Documents\flowers-for-molly\public\garden\meadow_background\hills_far\hills_far_2.png -> C:\Users\Conor\Documents\flowers-for-molly\public\garden\meadow_background\far_hills\hills_far_2.png using scene 'meadow-background' tree 'Compositing Nodetree.004'
[21:12:33] Rendered C:\Users\Conor\Documents\flowers-for-molly\public\garden\meadow_background\hills_far\hills_far_3.png -> C:\Users\Conor\Documents\flowers-for-molly\public\garden\meadow_background\far_hills\hills_far_3.png using scene 'meadow-background' tree 'Compositing Nodetree.004'
[21:12:33] Rendered C:\Users\Conor\Documents\flowers-for-molly\public\garden\meadow_background\hills_far\hills_far_5.png -> C:\Users\Conor\Documents\flowers-for-molly\public\garden\meadow_background\far_hills\hills_far_5.png using scene 'meadow-background' tree 'Compositing Nodetree.004'
[21:12:33] Rendered C:\Users\Conor\Documents\flowers-for-molly\public\garden\meadow_background\hills_far\hills_far_6.png -> C:\Users\Conor\Documents\flowers-for-molly\public\garden\meadow_background\far_hills\hills_far_6.png using scene 'meadow-background' tree 'Compositing Nodetree.004'
[21:12:33] Rendered C:\Users\Conor\Documents\flowers-for-molly\public\garden\meadow_background\hills_far\meadow_far-hills.004.png -> C:\Users\Conor\Documents\flowers-for-molly\public\garden\meadow_background\far_hills\meadow_far-hills.004.png using scene 'meadow-background' tree 'Compositing Nodetree.004'
[21:12:33] Rendered C:\Users\Conor\Documents\flowers-for-molly\public\garden\meadow_background\hills_near\hills_near_4.png -> C:\Users\Conor\Documents\flowers-for-molly\public\garden\meadow_background\hills_near\hills_near_4.png using scene 'meadow-background' tree 'Compositing Nodetree.004'
[21:12:34] Rendered C:\Users\Conor\Documents\flowers-for-molly\public\garden\meadow_background\hills_near\hills_near_5.png -> C:\Users\Conor\Documents\flowers-for-molly\public\garden\meadow_background\hills_near\hills_near_5.png using scene 'meadow-background' tree 'Compositing Nodetree.004'
[21:12:34] Rendered C:\Users\Conor\Documents\flowers-for-molly\public\garden\meadow_background\hills_near\hills_near_6.png -> C:\Users\Conor\Documents\flowers-for-molly\public\garden\meadow_background\hills_near\hills_near_6.png using scene 'meadow-background' tree 'Compositing Nodetree.004'
[21:12:35] Rendered C:\Users\Conor\Documents\flowers-for-molly\public\garden\meadow_background\hills_near\meadow_0.png -> C:\Users\Conor\Documents\flowers-for-molly\public\garden\meadow_background\hills_near\meadow_0.png using scene 'meadow-background' tree 'Compositing Nodetree.004'
[21:12:35] Rendered C:\Users\Conor\Documents\flowers-for-molly\public\garden\meadow_background\mid_ground\mid_grass_10.png -> C:\Users\Conor\Documents\flowers-for-molly\public\garden\meadow_background\mid_ground\mid_grass_10.png using scene 'meadow-background' tree 'Compositing Nodetree.004'
[21:12:36] Rendered C:\Users\Conor\Documents\flowers-for-molly\public\garden\meadow_background\mid_ground\mid_grass_5.png -> C:\Users\Conor\Documents\flowers-for-molly\public\garden\meadow_background\mid_ground\mid_grass_5.png using scene 'meadow-background' tree 'Compositing Nodetree.004'
[21:12:36] Rendered C:\Users\Conor\Documents\flowers-for-molly\public\garden\meadow_background\mid_ground\mid_grass_6.png -> C:\Users\Conor\Documents\flowers-for-molly\public\garden\meadow_background\mid_ground\mid_grass_6.png using scene 'meadow-background' tree 'Compositing Nodetree.004'
[21:12:36] Rendered C:\Users\Conor\Documents\flowers-for-molly\public\garden\meadow_background\mid_ground\mid_grass_7.png -> C:\Users\Conor\Documents\flowers-for-molly\public\garden\meadow_background\mid_ground\mid_grass_7.png using scene 'meadow-background' tree 'Compositing Nodetree.004'
[21:12:37] Rendered C:\Users\Conor\Documents\flowers-for-molly\public\garden\meadow_background\mid_ground\mid_grass_8.png -> C:\Users\Conor\Documents\flowers-for-molly\public\garden\meadow_background\mid_ground\mid_grass_8.png using scene 'meadow-background' tree 'Compositing Nodetree.004'
[21:12:37] Rendered C:\Users\Conor\Documents\flowers-for-molly\public\garden\meadow_background\mid_ground\mid_grass_9.png -> C:\Users\Conor\Documents\flowers-for-molly\public\garden\meadow_background\mid_ground\mid_grass_9.png using scene 'meadow-background' tree 'Compositing Nodetree.004'
[21:12:37] SKIP: subfolder 'scenery' in job 'meadow-background'
[21:12:37] Rendered C:\Users\Conor\Documents\flowers-for-molly\public\garden\meadow_background\sky\sky_0.png -> C:\Users\Conor\Documents\flowers-for-molly\public\garden\meadow_background\sky\sky_0.png using scene 'meadow-background' tree 'Compositing Nodetree.004'
[21:12:40] Rendered C:\Users\Conor\Documents\flowers-for-molly\public\garden\meadow_background\sky\sky_1.png -> C:\Users\Conor\Documents\flowers-for-molly\public\garden\meadow_background\sky\sky_1.png using scene 'meadow-background' tree 'Compositing Nodetree.004'
[21:12:41] Rendered C:\Users\Conor\Documents\flowers-for-molly\public\garden\meadow_background\sky\sky_2.png -> C:\Users\Conor\Documents\flowers-for-molly\public\garden\meadow_background\sky\sky_2.png using scene 'meadow-background' tree 'Compositing Nodetree.004'
[21:12:41] Rendered C:\Users\Conor\Documents\flowers-for-molly\public\garden\meadow_background\sky\sky_3.png -> C:\Users\Conor\Documents\flowers-for-molly\public\garden\meadow_background\sky\sky_3.png using scene 'meadow-background' tree 'Compositing Nodetree.004'
[21:12:41] Rendered C:\Users\Conor\Documents\flowers-for-molly\public\garden\meadow_background\sky\sky_4-transtion1.png -> C:\Users\Conor\Documents\flowers-for-molly\public\garden\meadow_background\sky\sky_4-transtion1.png using scene 'meadow-background' tree 'Compositing Nodetree.004'
[21:12:42] Rendered C:\Users\Conor\Documents\flowers-for-molly\public\garden\meadow_background\sky\sky_4-transtion2.png -> C:\Users\Conor\Documents\flowers-for-molly\public\garden\meadow_background\sky\sky_4-transtion2.png using scene 'meadow-background' tree 'Compositing Nodetree.004'
[21:12:42] Rendered C:\Users\Conor\Documents\flowers-for-molly\public\garden\meadow_background\sky\sky_4.png -> C:\Users\Conor\Documents\flowers-for-molly\public\garden\meadow_background\sky\sky_4.png using scene 'meadow-background' tree 'Compositing Nodetree.004'
[21:12:42] Rendered C:\Users\Conor\Documents\flowers-for-molly\public\garden\meadow_background\sky\sky_5-transition1.png -> C:\Users\Conor\Documents\flowers-for-molly\public\garden\meadow_background\sky\sky_5-transition1.png using scene 'meadow-background' tree 'Compositing Nodetree.004'
[21:12:42] Rendered C:\Users\Conor\Documents\flowers-for-molly\public\garden\meadow_background\sky\sky_5-transition2.png -> C:\Users\Conor\Documents\flowers-for-molly\public\garden\meadow_background\sky\sky_5-transition2.png using scene 'meadow-background' tree 'Compositing Nodetree.004'
[21:12:43] Rendered C:\Users\Conor\Documents\flowers-for-molly\public\garden\meadow_background\sky\sky_5.png -> C:\Users\Conor\Documents\flowers-for-molly\public\garden\meadow_background\sky\sky_5.png using scene 'meadow-background' tree 'Compositing Nodetree.004'
[21:12:43] Rendered C:\Users\Conor\Documents\flowers-for-molly\public\garden\meadow_background\sky\sky_6-transition1.png -> C:\Users\Conor\Documents\flowers-for-molly\public\garden\meadow_background\sky\sky_6-transition1.png using scene 'meadow-background' tree 'Compositing Nodetree.004'
[21:12:43] Rendered C:\Users\Conor\Documents\flowers-for-molly\public\garden\meadow_background\sky\sky_6-transition2.png -> C:\Users\Conor\Documents\flowers-for-molly\public\garden\meadow_background\sky\sky_6-transition2.png using scene 'meadow-background' tree 'Compositing Nodetree.004'
[21:12:43] Rendered C:\Users\Conor\Documents\flowers-for-molly\public\garden\meadow_background\sky\sky_6.png -> C:\Users\Conor\Documents\flowers-for-molly\public\garden\meadow_background\sky\sky_6.png using scene 'meadow-background' tree 'Compositing Nodetree.004'
[21:12:43] WARN: import_base missing: C:\Users\Conor\Documents\flowers-for-molly\public\garden\forest_foreground (job: forest-flowers)
[21:12:43] WARN: import_base missing: C:\Users\Conor\Documents\flowers-for-molly\public\garden\forest_background (job: forest-background)
[21:12:44] Rendered C:\Users\Conor\Documents\flowers-for-molly\public\garden\biomes\forest\background\hills_far\hills_far_1.png -> C:\Users\Conor\Documents\flowers-for-molly\public\garden\biomes\forest\background\far_hills\hills_far_1.png using scene 'forest-background' tree 'Compositing Nodetree.002'
[21:12:44] Rendered C:\Users\Conor\Documents\flowers-for-molly\public\garden\biomes\forest\background\hills_far\hills_far_2.png -> C:\Users\Conor\Documents\flowers-for-molly\public\garden\biomes\forest\background\far_hills\hills_far_2.png using scene 'forest-background' tree 'Compositing Nodetree.002'
[21:12:44] Rendered C:\Users\Conor\Documents\flowers-for-molly\public\garden\biomes\forest\background\hills_far\hills_far_3.png -> C:\Users\Conor\Documents\flowers-for-molly\public\garden\biomes\forest\background\far_hills\hills_far_3.png using scene 'forest-background' tree 'Compositing Nodetree.002'
[21:12:44] Rendered C:\Users\Conor\Documents\flowers-for-molly\public\garden\biomes\forest\background\hills_far\hills_far_4.png -> C:\Users\Conor\Documents\flowers-for-molly\public\garden\biomes\forest\background\far_hills\hills_far_4.png using scene 'forest-background' tree 'Compositing Nodetree.002'
[21:12:45] Rendered C:\Users\Conor\Documents\flowers-for-molly\public\garden\biomes\forest\background\hills_far\hills_far_5.png -> C:\Users\Conor\Documents\flowers-for-molly\public\garden\biomes\forest\background\far_hills\hills_far_5.png using scene 'forest-background' tree 'Compositing Nodetree.002'
[21:12:45] Rendered C:\Users\Conor\Documents\flowers-for-molly\public\garden\biomes\forest\background\hills_far\hills_far_6.png -> C:\Users\Conor\Documents\flowers-for-molly\public\garden\biomes\forest\background\far_hills\hills_far_6.png using scene 'forest-background' tree 'Compositing Nodetree.002'
[21:12:45] Rendered C:\Users\Conor\Documents\flowers-for-molly\public\garden\biomes\forest\background\hills_far\hills_far_7.png -> C:\Users\Conor\Documents\flowers-for-molly\public\garden\biomes\forest\background\far_hills\hills_far_7.png using scene 'forest-background' tree 'Compositing Nodetree.002'
[21:12:46] Rendered C:\Users\Conor\Documents\flowers-for-molly\public\garden\biomes\forest\background\hills_far\hills_far_8.png -> C:\Users\Conor\Documents\flowers-for-molly\public\garden\biomes\forest\background\far_hills\hills_far_8.png using scene 'forest-background' tree 'Compositing Nodetree.002'
[21:12:46] Rendered C:\Users\Conor\Documents\flowers-for-molly\public\garden\biomes\forest\background\hills_far\hills_far_9.png -> C:\Users\Conor\Documents\flowers-for-molly\public\garden\biomes\forest\background\far_hills\hills_far_9.png using scene 'forest-background' tree 'Compositing Nodetree.002'
[21:12:46] Rendered C:\Users\Conor\Documents\flowers-for-molly\public\garden\biomes\forest\background\mid_ground\mid_grass_1.png -> C:\Users\Conor\Documents\flowers-for-molly\public\garden\biomes\forest\background\mid_ground\mid_grass_1.png using scene 'forest-background' tree 'Compositing Nodetree.002'
[21:12:46] Rendered C:\Users\Conor\Documents\flowers-for-molly\public\garden\biomes\forest\background\mid_ground\mid_grass_2.png -> C:\Users\Conor\Documents\flowers-for-molly\public\garden\biomes\forest\background\mid_ground\mid_grass_2.png using scene 'forest-background' tree 'Compositing Nodetree.002'
[21:12:47] Rendered C:\Users\Conor\Documents\flowers-for-molly\public\garden\biomes\forest\background\mid_ground\mid_grass_3.png -> C:\Users\Conor\Documents\flowers-for-molly\public\garden\biomes\forest\background\mid_ground\mid_grass_3.png using scene 'forest-background' tree 'Compositing Nodetree.002'
[21:12:47] Rendered C:\Users\Conor\Documents\flowers-for-molly\public\garden\biomes\forest\background\mid_ground\mid_grass_4.png -> C:\Users\Conor\Documents\flowers-for-molly\public\garden\biomes\forest\background\mid_ground\mid_grass_4.png using scene 'forest-background' tree 'Compositing Nodetree.002'
[21:12:47] Rendered C:\Users\Conor\Documents\flowers-for-molly\public\garden\biomes\forest\background\mid_ground\mid_grass_5.png -> C:\Users\Conor\Documents\flowers-for-molly\public\garden\biomes\forest\background\mid_ground\mid_grass_5.png using scene 'forest-background' tree 'Compositing Nodetree.002'
[21:12:47] Rendered C:\Users\Conor\Documents\flowers-for-molly\public\garden\biomes\forest\background\scenery\pathway_1.png -> C:\Users\Conor\Documents\flowers-for-molly\public\garden\biomes\forest\background\scenery\pathway_1.png using scene 'forest-background' tree 'Compositing Nodetree.002'
[21:12:47] SKIP: subfolder 'sky' in job 'forest-background'
[21:12:48] Rendered C:\Users\Conor\Documents\flowers-for-molly\public\garden\biomes\forest\foreground\flora_group_1\bushes_1.png -> C:\Users\Conor\Documents\flowers-for-molly\public\garden\biomes\forest\foreground\flora_group_1\bushes_1.png using scene 'forest-flowers' tree 'Compositing Nodetree.003'
[21:12:49] Rendered C:\Users\Conor\Documents\flowers-for-molly\public\garden\biomes\forest\foreground\flora_group_1\bushes_2.png -> C:\Users\Conor\Documents\flowers-for-molly\public\garden\biomes\forest\foreground\flora_group_1\bushes_2.png using scene 'forest-flowers' tree 'Compositing Nodetree.003'
[21:12:51] Rendered C:\Users\Conor\Documents\flowers-for-molly\public\garden\biomes\forest\foreground\flora_group_1\elm_tree_1.png -> C:\Users\Conor\Documents\flowers-for-molly\public\garden\biomes\forest\foreground\flora_group_1\elm_tree_1.png using scene 'forest-flowers' tree 'Compositing Nodetree.003'
[21:12:58] Rendered C:\Users\Conor\Documents\flowers-for-molly\public\garden\biomes\forest\foreground\flora_group_1\ferns_1.png -> C:\Users\Conor\Documents\flowers-for-molly\public\garden\biomes\forest\foreground\flora_group_1\ferns_1.png using scene 'forest-flowers' tree 'Compositing Nodetree.003'
[21:12:58] Rendered C:\Users\Conor\Documents\flowers-for-molly\public\garden\biomes\forest\foreground\flora_group_1\ferns_2.png -> C:\Users\Conor\Documents\flowers-for-molly\public\garden\biomes\forest\foreground\flora_group_1\ferns_2.png using scene 'forest-flowers' tree 'Compositing Nodetree.003'
[21:12:59] Rendered C:\Users\Conor\Documents\flowers-for-molly\public\garden\biomes\forest\foreground\flora_group_1\ferns_3.png -> C:\Users\Conor\Documents\flowers-for-molly\public\garden\biomes\forest\foreground\flora_group_1\ferns_3.png using scene 'forest-flowers' tree 'Compositing Nodetree.003'
[21:13:01] Rendered C:\Users\Conor\Documents\flowers-for-molly\public\garden\biomes\forest\foreground\flora_group_1\floral_cluster_1.png -> C:\Users\Conor\Documents\flowers-for-molly\public\garden\biomes\forest\foreground\flora_group_1\floral_cluster_1.png using scene 'forest-flowers' tree 'Compositing Nodetree.003'
[21:13:06] Rendered C:\Users\Conor\Documents\flowers-for-molly\public\garden\biomes\forest\foreground\flora_group_1\floral_cluster_2.png -> C:\Users\Conor\Documents\flowers-for-molly\public\garden\biomes\forest\foreground\flora_group_1\floral_cluster_2.png using scene 'forest-flowers' tree 'Compositing Nodetree.003'
[21:13:08] Rendered C:\Users\Conor\Documents\flowers-for-molly\public\garden\biomes\forest\foreground\flora_group_1\floral_cluster_3.png -> C:\Users\Conor\Documents\flowers-for-molly\public\garden\biomes\forest\foreground\flora_group_1\floral_cluster_3.png using scene 'forest-flowers' tree 'Compositing Nodetree.003'
[21:13:08] Rendered C:\Users\Conor\Documents\flowers-for-molly\public\garden\biomes\forest\foreground\flora_group_1\floral_cluster_4.png -> C:\Users\Conor\Documents\flowers-for-molly\public\garden\biomes\forest\foreground\flora_group_1\floral_cluster_4.png using scene 'forest-flowers' tree 'Compositing Nodetree.003'
[21:13:15] Rendered C:\Users\Conor\Documents\flowers-for-molly\public\garden\biomes\forest\foreground\flora_group_1\floral_cluster_5.png -> C:\Users\Conor\Documents\flowers-for-molly\public\garden\biomes\forest\foreground\flora_group_1\floral_cluster_5.png using scene 'forest-flowers' tree 'Compositing Nodetree.003'
[21:13:17] Rendered C:\Users\Conor\Documents\flowers-for-molly\public\garden\biomes\forest\foreground\flora_group_1\moss_1.png -> C:\Users\Conor\Documents\flowers-for-molly\public\garden\biomes\forest\foreground\flora_group_1\moss_1.png using scene 'forest-flowers' tree 'Compositing Nodetree.003'
[21:13:18] Rendered C:\Users\Conor\Documents\flowers-for-molly\public\garden\biomes\forest\foreground\flora_group_1\moss_2.png -> C:\Users\Conor\Documents\flowers-for-molly\public\garden\biomes\forest\foreground\flora_group_1\moss_2.png using scene 'forest-flowers' tree 'Compositing Nodetree.003'
[21:13:19] Rendered C:\Users\Conor\Documents\flowers-for-molly\public\garden\biomes\forest\foreground\flora_group_1\moss_3.png -> C:\Users\Conor\Documents\flowers-for-molly\public\garden\biomes\forest\foreground\flora_group_1\moss_3.png using scene 'forest-flowers' tree 'Compositing Nodetree.003'
[21:13:20] Rendered C:\Users\Conor\Documents\flowers-for-molly\public\garden\biomes\forest\foreground\flora_group_1\shrubs_1.png -> C:\Users\Conor\Documents\flowers-for-molly\public\garden\biomes\forest\foreground\flora_group_1\shrubs_1.png using scene 'forest-flowers' tree 'Compositing Nodetree.003'
[21:13:23] Rendered C:\Users\Conor\Documents\flowers-for-molly\public\garden\biomes\forest\foreground\flora_group_1\shrubs_2.png -> C:\Users\Conor\Documents\flowers-for-molly\public\garden\biomes\forest\foreground\flora_group_1\shrubs_2.png using scene 'forest-flowers' tree 'Compositing Nodetree.003'
[21:13:23] Rendered C:\Users\Conor\Documents\flowers-for-molly\public\garden\biomes\forest\foreground\flora_group_1\treetrunk_0.png -> C:\Users\Conor\Documents\flowers-for-molly\public\garden\biomes\forest\foreground\flora_group_1\treetrunk_0.png using scene 'forest-flowers' tree 'Compositing Nodetree.003'
[21:13:27] Rendered C:\Users\Conor\Documents\flowers-for-molly\public\garden\biomes\forest\foreground\flora_group_2\saplings_1.png -> C:\Users\Conor\Documents\flowers-for-molly\public\garden\biomes\forest\foreground\flora_group_2\saplings_1.png using scene 'forest-flowers' tree 'Compositing Nodetree.003'
[21:13:29] Rendered C:\Users\Conor\Documents\flowers-for-molly\public\garden\biomes\forest\foreground\flora_group_2\tall_thin_stemmed_plants_1.png -> C:\Users\Conor\Documents\flowers-for-molly\public\garden\biomes\forest\foreground\flora_group_2\tall_thin_stemmed_plants_1.png using scene 'forest-flowers' tree 'Compositing Nodetree.003'
[21:13:29] Rendered C:\Users\Conor\Documents\flowers-for-molly\public\garden\biomes\forest\foreground\flora_group_3\rocks_1.png -> C:\Users\Conor\Documents\flowers-for-molly\public\garden\biomes\forest\foreground\flora_group_3\rocks_1.png using scene 'forest-flowers' tree 'Compositing Nodetree.003'
[21:13:30] Rendered C:\Users\Conor\Documents\flowers-for-molly\public\garden\biomes\forest\foreground\flora_group_3\rocks_2.png -> C:\Users\Conor\Documents\flowers-for-molly\public\garden\biomes\forest\foreground\flora_group_3\rocks_2.png using scene 'forest-flowers' tree 'Compositing Nodetree.003'
[21:13:30] Rendered C:\Users\Conor\Documents\flowers-for-molly\public\garden\biomes\forest\foreground\flora_group_3\rocks_3.png -> C:\Users\Conor\Documents\flowers-for-molly\public\garden\biomes\forest\foreground\flora_group_3\rocks_3.png using scene 'forest-flowers' tree 'Compositing Nodetree.003'
[21:13:31] Rendered C:\Users\Conor\Documents\flowers-for-molly\public\garden\biomes\forest\foreground\flora_group_3\rocks_4.png -> C:\Users\Conor\Documents\flowers-for-molly\public\garden\biomes\forest\foreground\flora_group_3\rocks_4.png using scene 'forest-flowers' tree 'Compositing Nodetree.003'
[21:13:36] Rendered C:\Users\Conor\Documents\flowers-for-molly\public\garden\biomes\forest\foreground\flora_group_4\branches_1.png -> C:\Users\Conor\Documents\flowers-for-molly\public\garden\biomes\forest\foreground\flora_group_4\branches_1.png using scene 'forest-flowers' tree 'Compositing Nodetree.003'
[21:13:39] Rendered C:\Users\Conor\Documents\flowers-for-molly\public\garden\biomes\forest\foreground\flora_group_4\branches_2.png -> C:\Users\Conor\Documents\flowers-for-molly\public\garden\biomes\forest\foreground\flora_group_4\branches_2.png using scene 'forest-flowers' tree 'Compositing Nodetree.003'
[21:13:39] Rendered C:\Users\Conor\Documents\flowers-for-molly\public\garden\biomes\forest\foreground\flora_group_4\tree_trunk_1.png -> C:\Users\Conor\Documents\flowers-for-molly\public\garden\biomes\forest\foreground\flora_group_4\tree_trunk_1.png using scene 'forest-flowers' tree 'Compositing Nodetree.003'
[21:13:40] Rendered C:\Users\Conor\Documents\flowers-for-molly\public\garden\biomes\forest\foreground\flora_group_4\tree_trunk_2.png -> C:\Users\Conor\Documents\flowers-for-molly\public\garden\biomes\forest\foreground\flora_group_4\tree_trunk_2.png using scene 'forest-flowers' tree 'Compositing Nodetree.003'
[21:13:40] Rendered C:\Users\Conor\Documents\flowers-for-molly\public\garden\biomes\forest\foreground\flora_group_4\tree_trunk_3.png -> C:\Users\Conor\Documents\flowers-for-molly\public\garden\biomes\forest\foreground\flora_group_4\tree_trunk_3.png using scene 'forest-flowers' tree 'Compositing Nodetree.003'
[21:13:40] Rendered C:\Users\Conor\Documents\flowers-for-molly\public\garden\biomes\forest\foreground\flora_group_4\tree_trunk_4.png -> C:\Users\Conor\Documents\flowers-for-molly\public\garden\biomes\forest\foreground\flora_group_4\tree_trunk_4.png using scene 'forest-flowers' tree 'Compositing Nodetree.003'
[21:13:43] Rendered C:\Users\Conor\Documents\flowers-for-molly\public\garden\biomes\forest\foreground\flora_group_5\chestnut_tree_1.png -> C:\Users\Conor\Documents\flowers-for-molly\public\garden\biomes\forest\foreground\flora_group_5\chestnut_tree_1.png using scene 'forest-flowers' tree 'Compositing Nodetree.003'
[21:13:46] Rendered C:\Users\Conor\Documents\flowers-for-molly\public\garden\biomes\forest\foreground\flora_group_5\elm_tree_1.png -> C:\Users\Conor\Documents\flowers-for-molly\public\garden\biomes\forest\foreground\flora_group_5\elm_tree_1.png using scene 'forest-flowers' tree 'Compositing Nodetree.003'
[21:13:46] Rendered C:\Users\Conor\Documents\flowers-for-molly\public\garden\biomes\forest\foreground\flora_group_5\floral_cluster_2.png -> C:\Users\Conor\Documents\flowers-for-molly\public\garden\biomes\forest\foreground\flora_group_5\floral_cluster_2.png using scene 'forest-flowers' tree 'Compositing Nodetree.003'
[21:13:47] Rendered C:\Users\Conor\Documents\flowers-for-molly\public\garden\biomes\forest\foreground\flora_group_5\floral_cluster_3.png -> C:\Users\Conor\Documents\flowers-for-molly\public\garden\biomes\forest\foreground\flora_group_5\floral_cluster_3.png using scene 'forest-flowers' tree 'Compositing Nodetree.003'
[21:13:49] Rendered C:\Users\Conor\Documents\flowers-for-molly\public\garden\biomes\forest\foreground\flora_group_5\hickory_tree_1.png -> C:\Users\Conor\Documents\flowers-for-molly\public\garden\biomes\forest\foreground\flora_group_5\hickory_tree_1.png using scene 'forest-flowers' tree 'Compositing Nodetree.003'
[21:13:52] Rendered C:\Users\Conor\Documents\flowers-for-molly\public\garden\biomes\forest\foreground\flora_group_5\hickory_tree_2.png -> C:\Users\Conor\Documents\flowers-for-molly\public\garden\biomes\forest\foreground\flora_group_5\hickory_tree_2.png using scene 'forest-flowers' tree 'Compositing Nodetree.003'
[21:13:52] Rendered C:\Users\Conor\Documents\flowers-for-molly\public\garden\biomes\forest\foreground\flora_group_5\orlaya_0.png -> C:\Users\Conor\Documents\flowers-for-molly\public\garden\biomes\forest\foreground\flora_group_5\orlaya_0.png using scene 'forest-flowers' tree 'Compositing Nodetree.003'
[21:13:54] Rendered C:\Users\Conor\Documents\flowers-for-molly\public\garden\biomes\forest\foreground\flora_group_5\pine_tree_1.png -> C:\Users\Conor\Documents\flowers-for-molly\public\garden\biomes\forest\foreground\flora_group_5\pine_tree_1.png using scene 'forest-flowers' tree 'Compositing Nodetree.003'
[21:13:59] Rendered C:\Users\Conor\Documents\flowers-for-molly\public\garden\biomes\forest\foreground\flora_group_5\rocksflowers_0.png -> C:\Users\Conor\Documents\flowers-for-molly\public\garden\biomes\forest\foreground\flora_group_5\rocksflowers_0.png using scene 'forest-flowers' tree 'Compositing Nodetree.003'
[21:13:59] Rendered C:\Users\Conor\Documents\flowers-for-molly\public\garden\biomes\forest\foreground\flora_group_5\rocksmoss_0.png -> C:\Users\Conor\Documents\flowers-for-molly\public\garden\biomes\forest\foreground\flora_group_5\rocksmoss_0.png using scene 'forest-flowers' tree 'Compositing Nodetree.003'
[21:14:00] Rendered C:\Users\Conor\Documents\flowers-for-molly\public\garden\biomes\forest\foreground\flora_group_5\treetrunk_0.png -> C:\Users\Conor\Documents\flowers-for-molly\public\garden\biomes\forest\foreground\flora_group_5\treetrunk_0.png using scene 'forest-flowers' tree 'Compositing Nodetree.003'
[21:14:00] ✅ Batch processing complete!
